---
source: tui/src/history_cell.rs
assertion_line: 3296
expression: rendered
---
╭──────────────────────────────────────────────────────────╮
│ ✨ Update available! CURRENT_VERSION -> NEXT_VERSION        │
│ Run npm install -g @leonw24/open-codex@latest to update. │
│                                                          │
│ See full release notes:                                  │
│ https://github.com/LEON-gittech/codex                    │
╰──────────────────────────────────────────────────────────╯
