---
source: tui/src/update_prompt.rs
assertion_line: 268
expression: terminal.backend()
---

  ✨ Update available! CURRENT_VERSION -> NEXT_VERSION

  Release notes: https://github.com/LEON-gittech/codex

› 1. Update now (runs `npm install -g @leonw24/open-codex@latest`)              
  2. Skip
  3. Skip until next version

  Press enter to continue
